2026-05-02 07:52:18 | INFO     | trading_bot.client           | BinanceFuturesClient initialized | base_url=https://testnet.binancefuture.com
2026-05-02 07:52:18 | INFO     | trading_bot.orders           | MARKET order requested | symbol=BTCUSDT side=BUY quantity=0.001
2026-05-02 07:52:18 | INFO     | trading_bot.client           | Submitting order | params={'newOrderRespType': 'RESULT', 'symbol': 'BTCUSDT', 'side': 'BUY', 'type': 'MARKET', 'quantity': '0.001'}
2026-05-02 07:53:00 | INFO     | trading_bot.client           | Server time synchronized | serverTime=1777688580920 offsetMs=42075
2026-05-02 07:53:00 | DEBUG    | trading_bot.client           | HTTP request | method=POST endpoint=/fapi/v1/order params={'newOrderRespType': 'RESULT', 'symbol': 'BTCUSDT', 'side': 'BUY', 'type': 'MARKET', 'quantity': '0.001', 'timestamp': 1777688622365, 'recvWindow': 5000}
2026-05-02 07:53:00 | DEBUG    | trading_bot.client           | HTTP response | method=POST endpoint=/fapi/v1/order status=400 body={"code":-1021,"msg":"Timestamp for this request was 1000ms ahead of the server's time."}
2026-05-02 07:53:00 | WARNING  | trading_bot.client           | Timestamp drift detected by Binance | endpoint=/fapi/v1/order message=Timestamp for this request was 1000ms ahead of the server's time. | resynchronizing and retrying once
2026-05-02 07:53:00 | INFO     | trading_bot.client           | Server time synchronized | serverTime=1777688581581 offsetMs=1076
2026-05-02 07:53:00 | DEBUG    | trading_bot.client           | HTTP request | method=POST endpoint=/fapi/v1/order params={'newOrderRespType': 'RESULT', 'symbol': 'BTCUSDT', 'side': 'BUY', 'type': 'MARKET', 'quantity': '0.001', 'timestamp': 1777688582002, 'recvWindow': 5000}
2026-05-02 07:53:01 | DEBUG    | trading_bot.client           | HTTP response | method=POST endpoint=/fapi/v1/order status=200 body={"orderId":13098335909,"symbol":"BTCUSDT","status":"FILLED","clientOrderId":"CQVscUXpD6FV2UAogZdia2","price":"0.00","avgPrice":"78246.900000","origQty":"0.0010","executedQty":"0.0010","cumQty":"0.0010","cumQuote":"78.246900","timeInForce":"GTC","type":"MARKET","reduceOnly":false,"closePosition":false,"side":"BUY","positionSide":"BOTH","stopPrice":"0.00","workingType":"CONTRACT_PRICE","priceProtect":false,"origType":"MARKET","priceMatch":"NONE","selfTradePreventionMode":"EXPIRE_MAKER","goodTillDa
2026-05-02 07:53:01 | INFO     | trading_bot.client           | Order accepted | orderId=13098335909 status=FILLED
2026-05-02 07:53:01 | INFO     | trading_bot.orders           | MARKET order completed | orderId=13098335909 status=FILLED executedQty=0.0010 avgPrice=78246.900000
2026-05-02 07:53:06 | INFO     | trading_bot.client           | BinanceFuturesClient initialized | base_url=https://testnet.binancefuture.com
2026-05-02 07:53:06 | INFO     | trading_bot.orders           | LIMIT order requested | symbol=BTCUSDT side=SELL quantity=0.001 price=120000 timeInForce=GTC
2026-05-02 07:53:06 | INFO     | trading_bot.client           | Submitting order | params={'newOrderRespType': 'RESULT', 'symbol': 'BTCUSDT', 'side': 'SELL', 'type': 'LIMIT', 'quantity': '0.001', 'price': '120000', 'timeInForce': 'GTC'}
2026-05-02 07:53:47 | INFO     | trading_bot.client           | Server time synchronized | serverTime=1777688628328 offsetMs=41780
2026-05-02 07:53:47 | DEBUG    | trading_bot.client           | HTTP request | method=POST endpoint=/fapi/v1/order params={'newOrderRespType': 'RESULT', 'symbol': 'BTCUSDT', 'side': 'SELL', 'type': 'LIMIT', 'quantity': '0.001', 'price': '120000', 'timeInForce': 'GTC', 'timestamp': 1777688669397, 'recvWindow': 5000}
2026-05-02 07:53:47 | DEBUG    | trading_bot.client           | HTTP response | method=POST endpoint=/fapi/v1/order status=400 body={"code":-1021,"msg":"Timestamp for this request was 1000ms ahead of the server's time."}
2026-05-02 07:53:47 | WARNING  | trading_bot.client           | Timestamp drift detected by Binance | endpoint=/fapi/v1/order message=Timestamp for this request was 1000ms ahead of the server's time. | resynchronizing and retrying once
2026-05-02 07:53:48 | INFO     | trading_bot.client           | Server time synchronized | serverTime=1777688628904 offsetMs=1067
2026-05-02 07:53:48 | DEBUG    | trading_bot.client           | HTTP request | method=POST endpoint=/fapi/v1/order params={'newOrderRespType': 'RESULT', 'symbol': 'BTCUSDT', 'side': 'SELL', 'type': 'LIMIT', 'quantity': '0.001', 'price': '120000', 'timeInForce': 'GTC', 'timestamp': 1777688629288, 'recvWindow': 5000}
2026-05-02 07:53:48 | DEBUG    | trading_bot.client           | HTTP response | method=POST endpoint=/fapi/v1/order status=200 body={"orderId":13098337733,"symbol":"BTCUSDT","status":"NEW","clientOrderId":"aQ4ukSk8N6Az7Sqzbbqsyj","price":"120000.00","avgPrice":"0.00","origQty":"0.0010","executedQty":"0.0000","cumQty":"0.0000","cumQuote":"0.000000","timeInForce":"GTC","type":"LIMIT","reduceOnly":false,"closePosition":false,"side":"SELL","positionSide":"BOTH","stopPrice":"0.00","workingType":"CONTRACT_PRICE","priceProtect":false,"origType":"LIMIT","priceMatch":"NONE","selfTradePreventionMode":"EXPIRE_MAKER","goodTillDate":0,"u
2026-05-02 07:53:48 | INFO     | trading_bot.client           | Order accepted | orderId=13098337733 status=NEW
2026-05-02 07:53:48 | INFO     | trading_bot.orders           | LIMIT order accepted | orderId=13098337733 status=NEW price=120000.00
